{"message":"fake_back_half is not registered with us"}